Information: Updating design information... (UID-85)
 
****************************************
Report : timing
        -path full
        -delay min
        -max_paths 1
Design : CORTEXM0DS
Version: K-2015.06-SP1
Date   : Thu Dec  8 18:02:21 2016
****************************************

Operating Conditions: ff1p16v25c   Library: saed32lvt_ff1p16v25c
Wire Load Model Mode: enclosed

  Startpoint: u_logic/J0l2z4_reg
              (rising edge-triggered flip-flop clocked by HCLK)
  Endpoint: u_logic/J0l2z4_reg
            (rising edge-triggered flip-flop clocked by HCLK)
  Path Group: HCLK
  Path Type: min

  Des/Clust/Port     Wire Load Model       Library
  ------------------------------------------------
  CORTEXM0DS         35000                 saed32lvt_ff1p16v25c
  cortexm0ds_logic   35000                 saed32lvt_ff1p16v25c

  Point                                                   Incr       Path
  --------------------------------------------------------------------------
  clock HCLK (rise edge)                                0.0000     0.0000
  clock network delay (ideal)                           0.0000     0.0000
  u_logic/J0l2z4_reg/CLK (DFFASX1_LVT)                  0.0000     0.0000 r
  u_logic/J0l2z4_reg/QN (DFFASX1_LVT)                   0.0382     0.0382 f
  u_logic/U7027/Y (AO21X1_LVT)                          0.0150     0.0532 f
  u_logic/U7028/Y (NAND2X0_LVT)                         0.0063     0.0595 r
  u_logic/J0l2z4_reg/D (DFFASX1_LVT)                    0.0000     0.0595 r
  data arrival time                                                0.0595

  clock HCLK (rise edge)                                0.0000     0.0000
  clock network delay (ideal)                           0.0000     0.0000
  clock uncertainty                                     0.0500     0.0500
  u_logic/J0l2z4_reg/CLK (DFFASX1_LVT)                  0.0000     0.0500 r
  library hold time                                     0.0080     0.0580
  data required time                                               0.0580
  --------------------------------------------------------------------------
  data required time                                               0.0580
  data arrival time                                               -0.0595
  --------------------------------------------------------------------------
  slack (MET)                                                      0.0014


1
