Information: Updating design information... (UID-85)
 
****************************************
Report : timing
        -path full
        -delay min
        -max_paths 1
Design : RequestQueue
Version: I-2013.12-SP1
Date   : Wed Sep 23 18:13:40 2015
****************************************

Operating Conditions: nom_pvt   Library: gtech
Wire Load Model Mode: top

  Startpoint: current_state_reg[1]
              (rising edge-triggered flip-flop clocked by clock)
  Endpoint: current_state_reg[0]
            (rising edge-triggered flip-flop clocked by clock)
  Path Group: clock
  Path Type: min

  Point                                                   Incr       Path
  --------------------------------------------------------------------------
  clock clock (rise edge)                               0.0000     0.0000
  clock network delay (ideal)                           0.0000     0.0000
  current_state_reg[1]/clocked_on (**SEQGEN**)          0.0000     0.0000 r
  current_state_reg[1]/Q (**SEQGEN**)                   0.0000     0.0000 r
  U3/U8/z8 (*GEN*7)                                     0.0000     0.0000 r
  U4/U1/Z_0 (*GEN*9)                                    0.0000     0.0000 r
  current_state_reg[0]/next_state (**SEQGEN**)          0.0000     0.0000 r
  data arrival time                                                0.0000

  clock clock (rise edge)                               0.0000     0.0000
  clock network delay (ideal)                           0.0000     0.0000
  clock uncertainty                                     0.0500     0.0500
  current_state_reg[0]/clocked_on (**SEQGEN**)          0.0000     0.0500 r
  library hold time                                     0.0000     0.0500
  data required time                                               0.0500
  --------------------------------------------------------------------------
  data required time                                               0.0500
  data arrival time                                                0.0000
  --------------------------------------------------------------------------
  slack (VIOLATED)                                                -0.0500


1
